// Jest Snapshot v1, https://goo.gl/fbAQLP

exports[`HeaderTopLinks Component should match snapshot 1`] = `
Array [
  <NavLink
    activeClassName="ha_active"
    className="notification"
    style={
      Object {
        "position": "relative",
      }
    }
    to="/notifications"
  >
    <span
      className="notification_span nav_icon"
    >
      <i
        className="material-icons"
      >
        notifications_none
      </i>
    </span>
    <span
      style={
        Object {
          "alignItems": "center",
          "background": "#f87171",
          "borderRadius": "50%",
          "boxSizing": "border-box",
          "color": "#fff",
          "display": "flex",
          "fontSize": 10,
          "fontWeight": "bold",
          "height": 16,
          "justifyContent": "center",
          "minWidth": 16,
          "padding": "0 4px",
          "position": "absolute",
          "right": 0,
          "top": 0,
          "transform": "translate(4px, -4px)",
        }
      }
    >
      5
    </span>
  </NavLink>,
  <NavLink
    activeClassName="ha_active"
    className="sp"
    to="/profile/null"
  >
    <img
      alt="avatar"
      className="sp_img"
      src="/users/null/avatar.jpg"
    />
    <span
      className="sp_span"
    />
  </NavLink>,
]
`;
