// Jest Snapshot v1, https://goo.gl/fbAQLP

exports[`SideBarBottom Component should match snapshot 1`] = `
<div
  className="m_n_bottom"
>
  <ul>
    <li>
      <a
        href="/logout"
      >
        Logout
      </a>
    </li>
    <li>
      <a
        href="/help"
      >
        Help
      </a>
    </li>
    <li>
      <a
        className="toggle-sb-options"
        href="#"
        onClick={[Function]}
      >
        <i
          className="material-icons"
        >
          more_horiz
        </i>
      </a>
    </li>
    <li
      style={
        Object {
          "alignItems": "center",
          "display": "flex",
          "gap": "5px",
          "paddingLeft": "10px",
        }
      }
    >
      <span
        style={
          Object {
            "color": "#ccc",
          }
        }
      >
        |
      </span>
      <a
        href="#"
        onClick={[Function]}
        style={
          Object {
            "fontWeight": "normal",
            "margin": 0,
            "padding": 0,
          }
        }
      >
        EN
      </a>
      <span
        style={
          Object {
            "color": "#ccc",
          }
        }
      >
        |
      </span>
      <a
        href="#"
        onClick={[Function]}
        style={
          Object {
            "fontWeight": "normal",
            "margin": 0,
            "padding": 0,
          }
        }
      >
        VI
      </a>
    </li>
  </ul>
</div>
`;
